---
source: crates/fulgur-chart/tests/inspect_model.rs
expression: "model_yaml(\"scatter\")"
---
meta:
  type: scatter
  width: 800
  height: 450
series:
  - label: Store A
    fill:
      - "rgba(54,162,235,1)"
    stroke:
      - "rgba(54,162,235,1)"
    values: []
  - label: Store B
    fill:
      - "rgba(255,99,132,1)"
    stroke:
      - "rgba(255,99,132,1)"
    values: []
counts:
  datasets: 2
  legend_items: 2
  x_ticks: 0
  y_ticks: 0
